---
http_interactions:
- request:
    method: get
    uri: https://dns.google/resolve?name=example.com&type=A
    body:
      encoding: US-ASCII
      string: ''
    headers:
      Accept-Encoding:
      - gzip;q=1.0,deflate;q=0.6,identity;q=0.3
      Accept:
      - "*/*"
      User-Agent:
      - Ruby
      Host:
      - dns.google
  response:
    status:
      code: 200
      message: OK
    headers:
      X-Content-Type-Options:
      - nosniff
      Strict-Transport-Security:
      - max-age=31536000; includeSubDomains; preload
      Access-Control-Allow-Origin:
      - "*"
      Date:
      - Sat, 11 Feb 2023 07:09:44 GMT
      Expires:
      - Sat, 11 Feb 2023 07:09:44 GMT
      Cache-Control:
      - private, max-age=445
      Content-Type:
      - application/json; charset=UTF-8
      Server:
      - HTTP server (unknown)
      X-Xss-Protection:
      - '0'
      X-Frame-Options:
      - SAMEORIGIN
      Alt-Svc:
      - h3=":443"; ma=2592000,h3-29=":443"; ma=2592000
      Transfer-Encoding:
      - chunked
    body:
      encoding: ASCII-8BIT
      string: '{"Status":0,"TC":false,"RD":true,"RA":true,"AD":true,"CD":false,"Question":[{"name":"example.com.","type":1}],"Answer":[{"name":"example.com.","type":1,"TTL":445,"data":"93.184.216.34"}]}'
  recorded_at: Sat, 11 Feb 2023 07:09:44 GMT
- request:
    method: get
    uri: https://dns.google/resolve?name=example.com&type=AAAA
    body:
      encoding: US-ASCII
      string: ''
    headers:
      Accept-Encoding:
      - gzip;q=1.0,deflate;q=0.6,identity;q=0.3
      Accept:
      - "*/*"
      User-Agent:
      - Ruby
      Host:
      - dns.google
  response:
    status:
      code: 200
      message: OK
    headers:
      X-Content-Type-Options:
      - nosniff
      Strict-Transport-Security:
      - max-age=31536000; includeSubDomains; preload
      Access-Control-Allow-Origin:
      - "*"
      Date:
      - Sat, 11 Feb 2023 07:09:44 GMT
      Expires:
      - Sat, 11 Feb 2023 07:09:44 GMT
      Cache-Control:
      - private, max-age=20650
      Content-Type:
      - application/json; charset=UTF-8
      Server:
      - HTTP server (unknown)
      X-Xss-Protection:
      - '0'
      X-Frame-Options:
      - SAMEORIGIN
      Alt-Svc:
      - h3=":443"; ma=2592000,h3-29=":443"; ma=2592000
      Transfer-Encoding:
      - chunked
    body:
      encoding: ASCII-8BIT
      string: '{"Status":0,"TC":false,"RD":true,"RA":true,"AD":true,"CD":false,"Question":[{"name":"example.com.","type":28}],"Answer":[{"name":"example.com.","type":28,"TTL":20650,"data":"2606:2800:220:1:248:1893:25c8:1946"}]}'
  recorded_at: Sat, 11 Feb 2023 07:09:44 GMT
- request:
    method: get
    uri: https://dns.google/resolve?name=example.com&type=CNAME
    body:
      encoding: US-ASCII
      string: ''
    headers:
      Accept-Encoding:
      - gzip;q=1.0,deflate;q=0.6,identity;q=0.3
      Accept:
      - "*/*"
      User-Agent:
      - Ruby
      Host:
      - dns.google
  response:
    status:
      code: 200
      message: OK
    headers:
      X-Content-Type-Options:
      - nosniff
      Strict-Transport-Security:
      - max-age=31536000; includeSubDomains; preload
      Access-Control-Allow-Origin:
      - "*"
      Date:
      - Sat, 11 Feb 2023 07:09:44 GMT
      Expires:
      - Sat, 11 Feb 2023 07:09:44 GMT
      Cache-Control:
      - private, max-age=1063
      Content-Type:
      - application/json; charset=UTF-8
      Server:
      - HTTP server (unknown)
      X-Xss-Protection:
      - '0'
      X-Frame-Options:
      - SAMEORIGIN
      Alt-Svc:
      - h3=":443"; ma=2592000,h3-29=":443"; ma=2592000
      Transfer-Encoding:
      - chunked
    body:
      encoding: ASCII-8BIT
      string: '{"Status":0,"TC":false,"RD":true,"RA":true,"AD":true,"CD":false,"Question":[{"name":"example.com.","type":5}],"Authority":[{"name":"example.com.","type":6,"TTL":1063,"data":"ns.icann.org.
        noc.dns.icann.org. 2022091205 7200 3600 1209600 3600"}]}'
  recorded_at: Sat, 11 Feb 2023 07:09:44 GMT
- request:
    method: get
    uri: https://dns.google/resolve?name=example.com&type=TXT
    body:
      encoding: US-ASCII
      string: ''
    headers:
      Accept-Encoding:
      - gzip;q=1.0,deflate;q=0.6,identity;q=0.3
      Accept:
      - "*/*"
      User-Agent:
      - Ruby
      Host:
      - dns.google
  response:
    status:
      code: 200
      message: OK
    headers:
      X-Content-Type-Options:
      - nosniff
      Strict-Transport-Security:
      - max-age=31536000; includeSubDomains; preload
      Access-Control-Allow-Origin:
      - "*"
      Date:
      - Sat, 11 Feb 2023 07:09:44 GMT
      Expires:
      - Sat, 11 Feb 2023 07:09:44 GMT
      Cache-Control:
      - private, max-age=21600
      Content-Type:
      - application/json; charset=UTF-8
      Server:
      - HTTP server (unknown)
      X-Xss-Protection:
      - '0'
      X-Frame-Options:
      - SAMEORIGIN
      Alt-Svc:
      - h3=":443"; ma=2592000,h3-29=":443"; ma=2592000
      Transfer-Encoding:
      - chunked
    body:
      encoding: ASCII-8BIT
      string: '{"Status":0,"TC":false,"RD":true,"RA":true,"AD":true,"CD":false,"Question":[{"name":"example.com.","type":16}],"Answer":[{"name":"example.com.","type":16,"TTL":21600,"data":"v=spf1
        -all"},{"name":"example.com.","type":16,"TTL":21600,"data":"wgyf8z8cgvm2qmxpnbnldrcltvk4xqfn"}],"Comment":"Response
        from 2001:500:8f::53."}'
  recorded_at: Sat, 11 Feb 2023 07:09:44 GMT
- request:
    method: get
    uri: https://dns.google/resolve?name=example.com&type=NS
    body:
      encoding: US-ASCII
      string: ''
    headers:
      Accept-Encoding:
      - gzip;q=1.0,deflate;q=0.6,identity;q=0.3
      Accept:
      - "*/*"
      User-Agent:
      - Ruby
      Host:
      - dns.google
  response:
    status:
      code: 200
      message: OK
    headers:
      X-Content-Type-Options:
      - nosniff
      Strict-Transport-Security:
      - max-age=31536000; includeSubDomains; preload
      Access-Control-Allow-Origin:
      - "*"
      Date:
      - Sat, 11 Feb 2023 07:09:44 GMT
      Expires:
      - Sat, 11 Feb 2023 07:09:44 GMT
      Cache-Control:
      - private, max-age=5219
      Content-Type:
      - application/json; charset=UTF-8
      Server:
      - HTTP server (unknown)
      X-Xss-Protection:
      - '0'
      X-Frame-Options:
      - SAMEORIGIN
      Alt-Svc:
      - h3=":443"; ma=2592000,h3-29=":443"; ma=2592000
      Transfer-Encoding:
      - chunked
    body:
      encoding: ASCII-8BIT
      string: '{"Status":0,"TC":false,"RD":true,"RA":true,"AD":true,"CD":false,"Question":[{"name":"example.com.","type":2}],"Answer":[{"name":"example.com.","type":2,"TTL":5219,"data":"a.iana-servers.net."},{"name":"example.com.","type":2,"TTL":5219,"data":"b.iana-servers.net."}]}'
  recorded_at: Sat, 11 Feb 2023 07:09:44 GMT
recorded_with: VCR 6.1.0
